
> counterism-studio-v4@4.0.0 start
> remotion preview

Server ready - Local: http://localhost:3000, Network: http://192.168.0.2:3000
Building...
Built in 13985ms
Building...
Built in 8173ms
Building...
Built in 6410ms
Building...
Built in 1010ms
Building...
Built in 2510ms
Building...
Built in 7796ms
Building...
Built in 8956ms
Built in 3572ms
Building...
Built in 1222ms
Built in 1534ms
Building...
Built in 621ms
Building...
Built in 1780ms
Building...
Built in 8065ms
Built in 2744ms
Building...
Built in 548ms
Building...
Built in 2407ms
Building...
Built in 1354ms
Building...
Built in 9354ms
Building...
Built in 5038ms
