
> counterism-studio-v4@4.0.0 start
> remotion preview --port 3000

Server ready - Local: http://localhost:3000, Network: http://192.168.0.2:3000
Building...
Built in 7162ms
To restart - Local: http://localhost:3000, Network: http://192.168.0.2:3000
Building...
Built in 8674ms
Built in 3670ms
Building...
Built in 800ms
Built in 2745ms
Building...
Built in 568ms
Building...
Built in 8424ms
Building...
Built in 5620ms
Building...
Built in 505ms
Building...
Built in 7855ms
Building...
Built in 9257ms
Building...
Built in 12783ms
Building...
Built in 8597ms
Building...
Built in 2544ms
Building...
Built in 818ms
Building...
Built in 7693ms
Building...
Built in 3077ms
Building...
Built in 4547ms
Building...
Built in 1840ms
Building...
Built in 13291ms
Building...
Built in 4335ms
<w> [webpack.cache.PackFileCacheStrategy] Caching failed for pack: Error: ENOENT: no such file or directory, rename '/app/node_modules/.cache/webpack/remotion-development-4.0.468/5589b7f0b7909609796b006377ae23bf/1.pack_' -> '/app/node_modules/.cache/webpack/remotion-development-4.0.468/5589b7f0b7909609796b006377ae23bf/1.pack'
Building...
Built in 3435ms
Building...
Built in 1519ms
Building...
Built in 17885ms
<w> [webpack.cache.PackFileCacheStrategy] Caching failed for pack: Error: ENOENT: no such file or directory, rename '/app/node_modules/.cache/webpack/remotion-development-4.0.468/5589b7f0b7909609796b006377ae23bf/1.pack_' -> '/app/node_modules/.cache/webpack/remotion-development-4.0.468/5589b7f0b7909609796b006377ae23bf/1.pack'
Building...
Built in 3164ms
Built in 4946ms
Building...
Built in 715ms
<w> [webpack.cache.PackFileCacheStrategy] Caching failed for pack: Error: ENOENT: no such file or directory, rename '/app/node_modules/.cache/webpack/remotion-development-4.0.468/5589b7f0b7909609796b006377ae23bf/0.pack_' -> '/app/node_modules/.cache/webpack/remotion-development-4.0.468/5589b7f0b7909609796b006377ae23bf/0.pack'
Building...
Built in 1853ms
Building...
Built in 1406ms
